[    0.000000] Initializing cgroup subsys cpuset
[    0.000000] Initializin crop suyscpu
[  0.00] Iniaizincgoup bss cpcc
[   00000]inx veio 4.4-1-genic(buil@lw01-d6-039(gc veio 5.4 21606 (bunt5..0-6untu~16..9 ) #6-buu P ThJu 14 8:3:8 UT20 (Ubtu4.4.13.156geric 4.34)    .0000]CoanlineBOT_IME=oot/liuz-4.0130-geric ro=UD=841f4-00-4f3-a8-49b8f46 ro cnse=tty1onole=yS
[  00000] ERNEsuport cus:    0000]  IelGenueItel    0.000000]   AMD AuthenticAMD
[    0.000000]   Centaur CentaurHauls
[    0.000000] x86/fpu: Legacy x87 FPU detected.
[    0.000000] x86/fpu: Using 'eager' FPU context switches.
[    0.000000] e820: BIOS-provided phyic RAM m:
[  0.0000 BOS-e0:[memx000000000000x00000009fb] sabl
[   0000] BS-820:me 0x0000000fc0-0x0000009fff] seved
[   000000 BS-e8: mem0x000000f000-0x0000000fff] rered
  0.0000 BIOe80: [m x00000001000-00000003fefff uable[   .0000]BIOSe820[mm 0x000003f000-0000000fffff] ACPI data
[    0.000000] BIOS-e820: [mem 0x00000000fffc00000x00000fffffreerve
   0.000] X (Ecue Dibl) precion:ctve
  0.0000 SMBS .5 psent
  0.0000 e20: lastpf= x3fff0axarchfn= 0x000000[   .0000]TR: Dibld
[  00000] 86/P: TRRsisbled spping T nitiiztionoo
[   .00000CP MTR al blk  viralzed stm.
  0.0000x86/T:Confurtion0-]: W W  UCUC WB T UC-   
[    00000]oud SMMPtable  [em 000fff0x009ff] appeat[fff800009f0
[  00000] canng  are fr lomeory rrptio
[   0000] RDIK: [m x36100-0x370eef]
  0.000]CPI:ary tae hecksuveificio dsaed
[  0.0000ACI: RP x00000000E000000 (02 VX )
[  .0000]ACPIXST 0x0000003F000 003C(v01BO   VXXDT 00001 A  00001)
[  000000] APIFACP0x000003FF0F 0004 v04 OX  VBFAP 00001 AS 000001)
[  0.00000] AI:DSDTx000003F0470 0BF (v0VBX   OXIOS 00002 IN 2100528
[   0.000] AI:FACSx000003FF0200 000
[   00000] PI FACSx0000003FF20 0000[   .00000ACI: AC x000003FFF24 0005Cv0 VBO  BOXAC 0000 AL  00061)
[  .0000]ACPISST 0x000003FFA0 001C v0 VX VBOXCP 0000002NT 201058)
[   00000]o UMA nfguraonfoun
[   0.000] Fanga no a [me0x0000000000-0000003feff]
[  .0000]NODE_DA(0)llatedme 0x3eb00-03fffff
[   0.0000 Zonrage:
[   00000] DA     me 0x000000000000x0000000fff]
[  .0000]  DM2   [mm 0x0000000000-0000000ffeff]
[  0.0000  Norm  empt
  0.0000   eve  empy[   .0000] Mabe zo sart oreah ode    0000] rly emy ode ngs
[  00000  node 0 [me0x0000000010-0000000009ef]
[   00000] nde  : mem 000000010000-0000000fefff][    00000] item supnode [em 000000000000-0000003fffff
[  0.00] AC: M-Tir O Po: x400
[   00000] IOIC0]: icid 2vesion 1 adress0xc00000GS 0-2
[   00000] PI INTRCOVR us0 buir 0 gba_i 2fl d)
[  0000] CPI:NTSRC_OV(bs 0 s_rq 9loal_iq 9 gh lel
[  00000] singCP (MA) r SMP nfguraioinfomaon
[  0000] mpbo: llowg  CPU 0hotpg PUs    0000] : egiserednosa mmo: em 0000000x0000f]
[  0000] M: Riserednove mor: mem 009f00-0009fff
    00000]M:Regierd novememo: me 0x00000-0x0efff]
  0.0000PM: giterenoave moy: [m x00000-0x0ffff]    0000] 20 [me0x00000-xfffbff]avlae fo PI evic
   0.000] Bootngaraviralzed rnl onar harar
[  00000] lockure: rind-jiie: ma: xfffff maxyces: ffffff mx_id_n: 76459602118 s
[  .0000]setupecpu:R_PUS:2 r_cpma_bit51nr_c_is:2 _nde_i:1
[  0.0000] RCU: Embde 34 ge/cpufff880fc0000s995 r81923128 u4876
  0.0000BBui 1zonest in deorde mbili gouin o.  Totl ges:5712
  0.0000 Poly one:MA2
[  .00000] erne cmandin BOOIMGE=/otvmliz-.4.030genec oot=ID84e92400770f-aabb4b8e150 rcoole=y1conse=tyS0[   .000] PIhash tab etrie: 96(orde 3 3278 yts)
[  0000000] Memory: 997188K/1048120K available (8546K kernel code, 1313K rwdat 400K daa, 16Kinit136K bs,502K rered,  ca-rervd)
  0.0000SLUBHWlign4,Orde0-, MinOecs=, CP=2 Nod=1
[    0.000000] Kernel/User page tables isolation: enabled
[    0.00000] errccaRCU plmentio.
[  .0000]Builtie adstent  laf fou to .
[  0000] RCU stctinCPs fromR_PUS=2 o nrpuids=
    .0000] RCU: djtig gemey forcfano_laf=64,r_pu_i2
[   00000]R_RQS:02 nr_qs440 
    0000] nsle: olouVGA+ 825
[  0000] onso [ty1]naled    00000] csoe [tS0 enaed
[   0.000000] tsc: Fast TSC calibration using PIT
[    0.000000] tsc: Detected 3401.620 MHz processor
[    0.004018] Calibrating delay loop (skipped), value calculated using timer frequency.. 6803.24 BogoMIPS (lpj=13606480)
[    0.008475] pid_max: default: 32768 minimum: 301
[    0.012013] ACPI: Core revision 20150930
[    0.016614] ACPI: 2 ACPI AML tables successfully acquired and loaded
[    0.024248] Security Framework initialized
[    0.028009] Yama: becoming mindful.
[    0.032025] AppArmor: AppArmor initialized
[    0.036078] Dentry cache hash table entries: 131072 (order: 8, 1048576 bytes)
[    0.040325] Inode-cache hash table entries: 65536 (order: 7, 524288 bytes)
[    0.044067] Mount-cache hash table entries: 2048 (order: 2, 16384 bytes)
[    0.048018] Mountpoint-cache hash table entries: 2048 (order: 2, 16384 bytes)
[    0.052151] Initializing cgroup subsys io
[    0.052748] Initializing cgroup subsys memory
[    0.056026] Initializing cgroup subsys devices
[    0.060016] Initializing cgroup subsys freezer
[    0.064010] Initializing cgroup subsys net_cls
[    0.064678] Initializing cgroup subsys perf_event
[    0.068016] Initializing cgroup subsys net_prio
[    0.072021] Initializing cgroup subsys hugetlb
[    0.076010] Initializing cgroup subsys pids
[    0.080068] CPU: Physical Processor ID: 0
[    0.084008] CPU: Processor Core ID: 0
[    0.088011] mce: CPU supports 0 MCE banks
[    0.092030] Last level iTLB entries: 4KB 1024, 2MB 1024, 4MB 1024
[    0.096009] Last level dTLB entries: 4KB 1024, 2MB 1024, 4MB 1024, 1GB 4
[    0.096843] Spectre V2 : Mitigation: Full generic retpoline
[    0.097590] Spectre V2 : Speculation control IBPB not-supported IBRS not-supported
[    0.100009] Speculative Store Bypass: Vulnerable
[    0.104220] Freeing SMP alternatives memory: 32K
[    0.117961] ftrace: allocating 32245 entries in 126 pages
[    0.140081] smpboot: APIC(0) Converting physical 0 to logical package 0
[    0.144010] smpboot: Max logical packages: 1
[    0.145646] ..TIMER: vector=0x30 apic1=0 pin1=2 apic2=-1 pin2=-1
[    0.192000] smpboot: CPU0: Intel(R) Core(TM) i7-4770 CPU @ 3.40GHz (family: 0x6, model: 0x3c, stepping: 0x3)
[    0.204027] Performance Events: unsupported p6 CPU model 60 no PMU driver, software events only.
[    0.216825] NMI watchdog: disabled (cpu0): hardware events not enabled
[    0.220009] NMI watchdog: Shutting down hard lockup detector on all cpus
[    0.224156] x86: Booting SMP configuration:
[    0.228006] .... node  #0, CPUs:      #1
[    0.008000] mce: CPU supports 0 MCE banks
[    0.266335] x86: Booted up 1 node, 2 CPUs
[    0.268008] smpboot: Total of 2 processors activated (13606.48 BogoMIPS)
[    0.272265] devtmpfs: initialized
[    0.276925] evm: security.selinux
[    0.284011] evm: security.SMACK64
[    0.288006] evm: security.SMACK64EXEC
[    0.292007] evm: security.SMACK64TRANSMUTE
[    0.296007] evm: security.SMACK64MMAP
[    0.300008] evm: security.ima
[    0.300527] evm: security.capability
[    0.304213] clocksource: jiffies: mask: 0xffffffff max_cycles: 0xffffffff, max_idle_ns: 7645041785100000 ns
[    0.306557] futex hash table entries: 512 (order: 3, 32768 bytes)
[    0.312036] pinctrl core: initialized pinctrl subsystem
[    0.312036] RTC time:  7:08:21, date: 07/12/18
[    0.312036] NET: Registered protocol family 16
[    0.320177] cpuidle: using governor ladder
[    0.328013] cpuidle: using governor menu
[    0.329631] PCCT header not found.
[    0.330228] ACPI: bus type PCI registered
[    0.330826] acpiphp: ACPI Hot Plug PCI Controller Driver version: 0.5
[    0.331830] PCI: Using configuration type 1 for base access
[    0.340436] ACPI: Added _OSI(Module Device)
[    0.344011] ACPI: Added _OSI(Processor Device)
[    0.348024] ACPI: Added _OSI(3.0 _SCP Extensions)
[    0.352005] ACPI: Added _OSI(Processor Aggregator Device)
[    0.356298] ACPI: Executed 1 blocks of module-level executable AML code
[    0.361930] ACPI: Interpreter enabled
[    0.364013] ACPI: (supports S0 S5)
[    0.368009] ACPI: Using IOAPIC for interrupt routing
[    0.368865] PCI: Using host bridge windows from ACPI; if necessary, use "pci=nocrs" and report a bug
[    0.373596] ACPI: PCI Root Bridge [PCI0] (domain 0000 [bus 00-ff])
[    0.376019] acpi PNP0A03:00: _OSC: OS supports [ASPM ClockPM Segments MSI]
[    0.377263] acpi PNP0A03:00: _OSC failed (AE_NOT_FOUND); disabling ASPM
[    0.379285] acpi PNP0A03:00: fail to add MMCONFIG information, can't access extended PCI configuration space under this bridge.
[    0.381790] PCI host bridge to bus 0000:00
[    0.382333] pci_bus 0000:00: root bus resource [io  0x0000-0x0cf7 window]
[    0.383989] pci_bus 0000:00: root bus resource [io  0x0d00-0xffff window]
[    0.384856] pci_bus 0000:00: root bus resource [mem 0x000a0000-0x000bffff window]
[    0.385960] pci_bus 0000:00: root bus resource [mem 0x40000000-0xffdfffff window]
[    0.388007] pci_bus 0000:00: root bus resource [bus 00-ff]
[    0.393401] pci 0000:00:01.1: legacy IDE quirk: reg 0x10: [io  0x01f0-0x01f7]
[    0.396010] pci 0000:00:01.1: legacy IDE quirk: reg 0x14: [io  0x03f6]
[    0.400010] pci 0000:00:01.1: legacy IDE quirk: reg 0x18: [io  0x0170-0x0177]
[    0.400933] pci 0000:00:01.1: legacy IDE quirk: reg 0x1c: [io  0x0376]
[    0.420902] ACPI: PCI Interrupt Link [LNKA] (IRQs 5 9 10 11) *0, disabled.
[    0.444424] ACPI: PCI Interrupt Link [LNKB] (IRQs 5 9 10 *11)
[    0.448677] ACPI: PCI Interrupt Link [LNKC] (IRQs 5 9 *10 11)
[    0.449875] ACPI: PCI Interrupt Link [LNKD] (IRQs 5 *9 10 11)
[    0.452104] ACPI: Enabled 2 GPEs in block 00 to 07
[    0.453047] vgaarb: setting as boot device: PCI:0000:00:02.0
[    0.453047] vgaarb: device added: PCI:0000:00:02.0,decodes=io+mem,owns=io+mem,locks=none
[    0.454028] vgaarb: loaded
[    0.454501] vgaarb: bridge control possible 0000:00:02.0
[    0.456204] SCSI subsystem initialized
[    0.456846] ACPI: bus type USB registered
[    0.456846] usbcore: registered new interface driver usbfs
[    0.457392] usbcore: registered new interface driver hub
[    0.458147] usbcore: registered new device driver usb
[    0.460193] PCI: Using ACPI for IRQ routing
[    0.464232] NetLabel: Initializing
[    0.468006] NetLabel:  domain hash size = 128
[    0.472005] NetLabel:  protocols = UNLABELED CIPSOv4
[    0.476047] NetLabel:  unlabeled traffic allowed by default
[    0.480065] amd_nb: Cannot enumerate AMD northbridges
[    0.484071] clocksource: Switched to clocksource refined-jiffies
[    0.494320] AppArmor: AppArmor Filesystem Enabled
[    0.496073] pnp: PnP ACPI init
[    0.500536] pnp: PnP ACPI: found 4 devices
[    0.517606] clocksource: acpi_pm: mask: 0xffffff max_cycles: 0xffffff, max_idle_ns: 2085701024 ns
[    0.520059] clocksource: Switched to clocksource acpi_pm
[   0.6823NE Risreproc fil2
[  1.3454 T eabsh hh blenie 82 rder4,55 bes
[  3773]CPinha tab eri: 92orr: 51372yt)   4.625 TP: Hash bl cfire(eabsh 82 bi 82)
[   .060 U hh blenie 512orr:2, 184yt)  7.66] P-ite shab eri: 2 (oer2,63 bes
[   .739] NE Risreproc fil1    6843pc00:000: mingirt I/PCI rafe
  0.07] i 000:.0Acvati I D hg rkound

[   12482]npki iniras.
[   13.146211] Freeing initrd memory: 15364K
[   13.250517] RAPL PMU detected, API unit is 2^-32 Joules, 4 fixed counters 10737418240 ms ovfl timer
[   13.328153] hw unit of domain pp0-core 2^-0 Joules
[   13.328823] hw unit of domain package 2^-0 Joules
[   13.361785] hw unit of domain dram 2^-0 Joules
[   13.484342] hw unit of domain pp1-gpu 2^-0 Joules
[   13.636426] platform rtc_cmos: registered platform RTC device (no PNP device found)
[   13.849626] Scanning for low memory corruption every 60 seconds
[   13.925875] audit: iniazi nli ssy(dabd)
[  4.34] c:efedSClosocealrati: 01619 z
[   16.141081] clocksource: tsc: mask: 0xffffffffffffffff max_cycles: 0x31084837e0c, max_idle_ns: 440795377632 ns
[   16.141387] audit: type=2000 audit(1531379282.139:1): initialized
[   16.141651] Initialise system trusted keyring
[   16.141773] HugeTLB registered 2 MB page size, pre-allocated 0 pages
[   16.142933] zbud: loaded
[   16.143185] VFS: Disk quotas dquot_6.6.0
[   16.143209] VFS: Dquot-cache hash table entries: 512 (order 0, 4096 bytes)
[   16.143403] squashfs: version 4.0 (2009/01/31) Phillip Lougher
[   16.143593] fuse init (API version 7.23)
[   16.143688] Key type big_key registered
[   16.143708] Allocating IMA MOK and blacklist keyrings.
[   16.144425] Key type asymmetric registered
[   16.144429] Asymmetric key parser 'x509' registered
[   16.144456] Block layer SCSI generic (bsg) driver version 0.4 loaded (major 249)
[   16.144520] io scheduler noop registered
[   16.144523] io scheduler deadline registered (default)
[   16.144545] io scheduler cfq registered
[   16.144616] pci_hotplug: PCI Hot Plug PCI Core version: 0.5
[   16.144621] pciehp: PCI Express Hot Plug Controller Driver version: 0.4
[   16.144732] ACPI: AC Adapter [AC] (on-line)
[   16.144775] input: Power Button as /devices/LNXSYSTM:00/LNXPWRBN:00/input/input0
[   16.144778] ACPI: Power Button [PWRF]
[   16.144829] input: Sleep Button as /devices/LNXSYSTM:00/LNXSLPBN:00/input/input1
[   16.144832] ACPI: Sleep Button [SLPF]
[   16.144957] GHES: HEST is not enabled!
[   16.145061] Serial: 8250/16550 driver, 32 ports, IRQ sharing enabled
[   16.255587] 00:03: ttyS0 at I/O 0x3f8 (irq = 4, base_baud = 115200) is a 16550A
[   16.264550] Linux agpgart interface v0.103
[   16.266992] loop: module loaded
[   16.267437] scsi host0: ata_piix
[   16.267527] scsi host1: ata_piix
[   16.267552] ata1: PATA max UDMA/33 cmd 0x1f0 ctl 0x3f6 bmdma 0xd000 irq 14
[   16.267554] ata2: PATA max UDMA/33 cmd 0x170 ctl 0x376 bmdma 0xd008 irq 15
[   16.267612] libphy: Fixed MDIO Bus: probed
[   16.267624] tun: Universal TUN/TAP device driver, 1.6
[   16.267626] tun: (C) 1999-2004 Max Krasnyansky <maxk@qualcomm.com>
[   16.267897] PPP generic driver version 2.4.2
[   16.267949] ehci_hcd: USB 2.0 'Enhanced' Host Controller (EHCI) Driver
[   16.267952] ehci-pci: EHCI PCI platform driver
[   16.267961] ehci-platform: EHCI generic platform driver
[   16.267973] ohci_hcd: USB 1.1 'Open' Host Controller (OHCI) Driver
[   16.267977] ohci-pci: OHCI PCI platform driver
[   16.267983] ohci-platform: OHCI generic platform driver
[   16.267989] uhci_hcd: USB Universal Host Controller Interface driver
[   16.268053] i8042: PNP: PS/2 Controller [PNP0303:PS2K,PNP0f03:PS2M] at 0x60,0x64 irq 1,12
[   16.318150] serio: i8042 KBD port at 0x60,0x64 irq 1
[   16.318156] serio: i8042 AUX port at 0x60,0x64 irq 12
[   16.318220] mousedev: PS/2 mouse device common for all mice
[   16.318488] rtc_cmos rtc_cmos: rtc core: registered rtc_cmos as rtc0
[   16.318543] rtc_cmos rtc_cmos: alarms up to one day, 114 bytes nvram
[   16.318552] i2c /dev entries driver
[   16.318591] device-mapper: uevent: version 1.0.3
[   16.318640] device-mapper: ioctl: 4.34.0-ioctl (2015-10-28) initialised: dm-devel@redhat.com
[   16.318654] ledtrig-cpu: registered to indicate activity on CPUs
[   16.319061] NET: Registered protocol family 10
[   16.319184] NET: Registered protocol family 17
[   16.319193] Key type dns_resolver registered
[   16.321798] microcode: CPU0 sig=0x306c3, pf=0x2, revision=0x19
[   16.349926] microcode: CPU1 sig=0x306c3, pf=0x2, revision=0x19
[   16.350055] microcode: Microcode Update Driver: v2.01 <tigran@aivazian.fsnet.co.uk>, Peter Oruba
[   16.350173] registered taskstats version 1
[   16.350189] Loading compiled-in X.509 certificates
[   16.350703] Loaded X.509 cert 'Build time autogenerated kernel key: b3e0fe4bcd6378c38a2c0a4648abbc1fa5043a22'
[   16.350720] zswap: loaded using pool lzo/zbud
[   16.352221] Key type trusted registered
[   16.354712] Key type encrypted registered
[   16.354717] AppArmor: AppArmor sha1 policy hashing enabled
[   16.354721] ima: No TPM chip found, activating TPM-bypass!
[   16.354725] ima: Allocated hash algorithm: sha1
[   16.354739] evm: HMAC attrs: 0x1
[   16.354938]   Magic number: 10:711:116
[   16.481918] rtc_cmos rtc_cmos: setting system clock to 2018-07-12 07:08:39 UTC (1531379319)
[   16.482228] BIOS EDD facility v0.16 2004-Jun-25, 0 devices found
[   16.482231] EDD information not available.
[   16.914791] input: AT Translated Set 2 keyboard as /devices/platform/i8042/serio0/input/input2
[   19.130656] Freeing unused kernel memory: 1516K
[   19.148101] Write protecting the kernel read-only data: 14336k
[   19.151415] Freeing unused kernel memory: 1680K
[   19.273142] Freeing unused kernel memory: 96K
Loading, please [   19.399984] random: systemd-udevd: uninitialized urandom read (16 bytes read, 4 bits of entropy available)
wait...
startin[   19.400519] random: udevadm: uninitialized urandom read (16 bytes read, 4 bits of entropy available)
g version 229
[   19.400568] random: udevadm: uninitialized urandom read (16 bytes read, 4 bits of entropy available)
[   19.409554] random: udevadm: uninitialized urandom read (16 bytes read, 4 bits of entropy available)
[   19.409591] random: udevadm: uninitialized urandom read (16 bytes read, 4 bits of entropy available)
[   19.409713] random: udevadm: uninitialized urandom read (16 bytes read, 4 bits of entropy available)
[   19.409762] random: udevadm: uninitialized urandom read (16 bytes read, 4 bits of entropy available)
[   19.409814] random: udevadm: uninitialized urandom read (16 bytes read, 4 bits of entropy available)
[   19.409859] random: udevadm: uninitialized urandom read (16 bytes read, 4 bits of entropy available)
[   19.409905] random: udevadm: uninitialized urandom read (16 bytes read, 4 bits of entropy available)
[   19.848327] e1000: Intel(R) PRO/1000 Network Driver - version 7.3.21-k8-NAPI
[   19.855620] e1000: Copyright (c) 1999-2006 Intel Corporation.
[   19.866680] Fusion MPT base driver 3.04.20
[   19.957638] Copyright (c) 1999-2008 LSI Corporation
[   20.085657] Fusion MPT SPI Host driver 3.04.20
[   20.114355] input: ImExPS/2 Generic Explorer Mouse as /devices/platform/i8042/serio1/input/input5
[   20.135106] clocksource: Switched to clocksource tsc
[   20.234862] e1000 0000:00:03.0 eth0: (PCI:33MHz:32-bit) 02:40:c1:fa:9b:f5
[   20.247360] e1000 0000:00:03.0 eth0: Intel(R) PRO/1000 Network Connection
[   20.254241] mptbase: ioc0: Initiating bringup
[   20.254609] e1000 0000:00:03.0 enp0s3: renamed from eth0
[   20.316937] ioc0: LSI53C1030 A0: Capabilities={Initiator}
[   20.628832] scsi host2: ioc0: LSI53C1030 A0, FwRev=00000000h, Ports=1, MaxQ=256, IRQ=20
[   20.788470] scsi 2:0:0:0: Direct-Access     VBOX     HARDDISK         1.0  PQ: 0 ANSI: 5
[   20.820057] scsi target2:0:0: Beginning Domain Validation
[   20.824499] scsi target2:0:0: Domain Validation skipping write tests
[   20.940694] scsi target2:0:0: Ending Domain Validation
[   20.941555] scsi target2:0:0: asynchronous
[   20.989081] scsi 2:0:1:0: Direct-Access     VBOX     HARDDISK         1.0  PQ: 0 ANSI: 5
[   23.801847] clocksource: timekeeping watchdog: Marking clocksource 'tsc' as unstable because the skew is too large:
[   23.801850] clocksource:                       'acpi_pm' wd_now: df5181 wd_last: 4d477f mask: ffffff
[   23.801852] clocksource:                       'tsc' cs_now: 337ecc2b07 cs_last: 3160b0131a mask: ffffffffffffffff
[   24.541549] scsi target2:0:1: Beginning Domain Validation
[   24.706625] clocksource: Switched to clocksource acpi_pm
[   24.708026] scsi target2:0:1: Domain Validation skipping write tests
[   24.708029] scsi target2:0:1: Ending Domain Validation
[   24.708087] scsi target2:0:1: asynchronous
[   24.717221] sd 2:0:0:0: Attached scsi generic sg0 type 0
[   24.875507] sd 2:0:0:0: [sda] 20971520 512-byte logical blocks: (10.7 GB/10.0 GiB)
[   25.046253] sd 2:0:0:0: [sda] Write Protect is off
[   25.046768] sd 2:0:1:0: Attached scsi generic sg1 type 0
[   25.046979] sd 2:0:1:0: [sdb] 20480 512-byte logical blocks: (10.5 MB/10.0 MiB)
[   25.047104] sd 2:0:1:0: [sdb] Write Protect is off
[   25.047199] sd 2:0:1:0: [sdb] Incomplete mode parameter data
[   25.047201] sd 2:0:1:0: [sdb] Assuming drive cache: write through
[   25.064651] sd 2:0:1:0: [sdb] Attached SCSI disk
[   25.090649] sd 2:0:0:0: [sda] Incomplete mode parameter data
[   25.092543] sd 2:0:0:0: [sda] Assuming drive cache: write through
[   25.126417]  sda: sda1
[   25.143563] sd 2:0:0:0: [sda] Attached SCSI disk
Begin: Loading e[   26.537990] md: linear personality registered for level -1
ssential drivers[   26.567695] md: multipath personality registered for level -4
 ... [   26.754457] md: raid0 personality registered for level 0
[   26.898055] md: raid1 personality registered for level 1
[   26.969138] raid6: sse2x1   gen() 11296 MB/s
[   27.164803] raid6: sse2x1   xor()  8706 MB/s
[   27.304753] raid6: sse2x2   gen() 14449 MB/s
[   27.516047] raid6: sse2x2   xor()  9607 MB/s
[   27.652081] raid6: sse2x4   gen() 16202 MB/s
[   27.816036] raid6: sse2x4   xor() 11126 MB/s
[   27.885809] raid6: using algorithm sse2x4 gen() 16202 MB/s
[   27.995891] raid6: .... xor() 11126 MB/s, rmw enabled
[   28.104035] raid6: using ssse3x2 recovery algorithm
[   28.213495] xor: measuring software checksum speed
[   28.252070]    prefetch64-sse: 23533.000 MB/sec
[   28.364062]    generic_sse: 21857.000 MB/sec
[   28.416935] xor: using function: prefetch64-sse (23533.000 MB/sec)
[   28.418759] async_tx: api initialized (async)
[   28.424939] md: raid6 personality registered for level 6
[   28.587863] md: raid5 personality registered for level 5
[   28.767863] md: raid4 personality registered for level 4
[   28.944208] md: raid10 personality registered for level 10
done.
Begin: Running /scripts/init-p[   28.988307] Btrfs loaded
remount ... done.
Begin: Mounting root file system ... Begin: Running /scripts/local-top ... done.
Begin: Running /scripts/local-premount ... Scanning for Btrfs filesystems
[   29.209683] EXT4-fs (sda1): mounted filesystem with ordered data mode. Opts: (null)
done.
Warning: fsck not present, so skipping root file system
done.
Begin: Running /scripts/local-bottom ... done.
Begin: Running /scripts/init-bottom ... done.
[   30.311143] systemd[1]: systemd 229 running in system mode. (+PAM +AUDIT +SELINUX +IMA +APPARMOR +SMACK +SYSVINIT +UTMP +LIBCRYPTSETUP +GCRYPT +GNUTLS +ACL +XZ -LZ4 +SECCOMP +BLKID +ELFUTILS +KMOD -IDN)
[   30.334512] systemd[1]: Detected virtualization oracle.
[   30.356467] systemd[1]: Detected architecture x86-64.
[ 30880]anom: noloinpo iiniaze


Welcome to [1mUbuntu 16.04.4 LTS[0m!

[   31.528428] systemd[1]: Set hostname to <ubuntu-xenial>.
[   32.951949] systemd[1]: Created slice User and Session Slice.
[[0;32m  OK  [0m] Created slice User and Session Slice.
[  31687syem1]Liteningn url ck.
[[0;32m  OK  [0m] Listening on Journal Socket.
[ 34063]ysmd1]: Set  aomntrbraryxetae leorts File ysm tounPont.
[[0;32m  OK  [0m] Set up automount Arbitrary Executab...ats File System Automount Point.
[  33680syemd[1]Lieninonysog Sck.
[[0;32m  OK  [0m] Listening on Syslog Socket.
[ 378606] systd[: stinon L2 llaen ck.
[[0;32m  OK  [0m] Listening on LVM2 poll daemon socket.
[  38475syemd[: ead icSyem Sli.
[[0;32m  OK  [0m] Created slice System Slice.
[   40.025784] systemd[1]: Starting Load Kernel Modules...
         Starting Load Kernel Modules...
[   40.232231] systemd[1]: Starting Create list of required static device nodes for the current kernel...
         Starting Create [   40.524233] Loading iSCSI transport class v2.0-870.
list of required st... nodes for[   40.635981] iscsi: registered transport (tcp)
 the current kernel...
[   40.729137] systemd[1]: Starting Nameserver information manager...
         Starting Nameserver information manager...
[   41.006600] iscsi: registered transport (iser)
[   41.012556] systemd[1]: Starting Set console keymap...
         Starting Set console keymap...
[   41.232967] systemd[1]: Listening on Journal Socket (/dev/log).
[[0;32m  OK  [0m] Listening on Journal Socket (/dev/log).
[   41.436181] systemd[1]: Reached target User and Group Name Lookups.
[[0;32m  OK  [0m] Reached target User and Group Name Lookups.
[   41.651058] systemd[1]: Listening on Journal Audit Socket.
[[0;32m  OK  [0m] Listening on Journal Audit Socket.
[   41.704664] systemd[1]: Reached target Slices.
[[0;32m  OK  [0m] Reached target Slices.
[   41.800597] systemd[1]: Mounting Debug File System...
         Mounting Debug File System...
[   41.916200] systemd[1]: Mounting POSIX Message Queue File System...
         Mounting POSIX Message Queue File System...
[   42.113217] systemd[1]: Starting Journal Service...
         Starting Journal Service...
[   42.273601] systemd[1]: Created slice system-serial\x2dgetty.slice.
[[0;32m  OK  [0m] Created slice system-serial\x2dgetty.slice.
[   42.409093] systemd[1]: Starting Uncomplicated firewall...
         Starting Uncomplicated firewall...
[   42.636693] systemd[1]: Mounting Huge Pages File System...
         Mounting Huge Pages File System...
[   42.809093] systemd[1]: Started Trigger resolvconf update for networkd DNS.
[[0;32m  OK  [0m] Started Trigger resolvconf update for networkd DNS.
[   43.040907] systemd[1]: Listening on udev Kernel Socket.
[[0;32m  OK  [0m] Listening on udev Kernel Socket.
[   43.152272] systemd[1]: Listening on Device-mapper event daemon FIFOs.
[[0;32m  OK  [0m] Listening on Device-mapper event daemon FIFOs.
[   43.280298] systemd[1]: Listening on udev Control Socket.
[[0;32m  OK  [0m] Listening on udev Control Socket.
[   43.501792] systemd[1]: Listening on /dev/initctl Compatibility Named Pipe.
[[0;32m  OK  [0m] Listening on /dev/initctl Compatibility Named Pipe.
[   43.733630] systemd[1]: Reached target Encrypted Volumes.
[[0;32m  OK  [0m] Reached target Encrypted Volumes.
[   43.918047] systemd[1]: Starting Remount Root and Kernel File Systems...
         [   44.115666] EXT4-fs (sda1): re-mounted. Opts: (null)
Starting Remount Root and Kernel File Systems...
[  42918syem[1]: Reaed tgeSw.
[[0;32m  OK  [0m] Reached target Swap.
[  42456syem1] Startd rwd ssrd Rues  Wl reorWatch.
[[0;32m  OK  [0m] Started Forward Password Requests to Wall Directory Watch.
[ 468027 ste[1 Ltengn LVM2etatdaonsockt.
[[0;32m  OK  [0m] Listening on LVM2 metadata daemon socket.
[   48.368218] systemd[1]: Starting Monitoring of LVM2 mirrors, snapshots etc. using dmeventd or progress polling...
         Starting Monitoring of LVM2 mirrors... dmeventd or progress polling...
[   48.583505] systemd[1]: Reached target System Time Synchronized.
[[0;32m  OK  [0m] Reached target System Time Synchronized.
[   8.395] ste[1]:ouedeb Fe st.
[[0;32m  OK  [0m] Mounted Debug File System.
[ 49398] sstem1]MotePOX sse QueuFi Ste
[[0;32m  OK  [0m] Mounted POSIX Message Queue File System.
[  52160 stemd[1]:outed Hu PesilSytem.
[[0;32m  OK  [0m] Mounted Huge Pages File System.
[ 52253]ysmd[1]:taed JournaSeice.
[[0;32m  OK  [0m] Started Journal Service.
[[0;32m  OK  [0m] Started Load Kernel Modules.
[[0;32m  OK  [0m] Started Create list of required sta...ce nodes for the current kernel.
[[0;32m  OK  [0m] Started Set console keymap.
[[0;32m  OK  [0m] Started Uncomplicated firewall.
[[0;32m  OK  [0m] Started Remount Root and Kernel File Systems.
[[0;32m  OK  [0m] Started Nameserver information manager.
[[0;32m  OK  [0m] Started LVM2 metadata daemon.
         Starting Load/Save Random Seed...
         Starting udev Coldplug all Devices...
         Starting Create Static Device Nodes in /dev...
         Mounting FUSE Control File System...
         Starting Apply Kernel Variables...
         Starting Flush Journal to Persistent Storage...
[[0;32m  OK  [0m] Mounted FUSE Control File System.
[[0;32m  OK  [0m] Started Load/Save Random Seed.
[[0;32m  OK  [0m] Started Apply Kernel Variables.
[[0;32m  OK  [0m] Started Monitoring of LVM2 mirrors,...ng dmeventd or progress polling.
[[0;32m  OK  [0m] Started Create Static Device Nodes in /dev.
[[0;32m  OK  [0m] Started udev Coldplug all Devices.
         Starting udev Kernel Device Manager...
[[0;32m  OK  [0m] Started Flush Journal to Persistent Storage.
[[0;32m  OK  [0m] Started udev Kernel Device Manager.
[[0;32m  OK  [0m] Reached target Local File Systems (Pre).
[[0;32m  OK  [0m] Reached target Local File Systems.
         Starting Set console font and keymap...
         Starting Initial cloud-init job (pre-networking)...
         Starting LSB: AppArmor initialization...
         Starting Create Volatile Files and Directories...
         Starting Tell Plymouth To Write Out Runtime Data...
[[0;32m  OK  [0m] Started Dispatch Password Requests to Console Directory Watch.
[[0;32m  OK  [0m] Found device /dev/ttyS0.
[[0;32m  OK  [0m] Started Tell Plymouth To Write Out Runtime Data.
[[0;32m  OK  [0m] Started Create Volatile Files and Directories.
         Starting Update UTMP about System Boot/Shutdown...
[[0;32m  OK  [0m] Started Update UTMP about System Boot/Shutdown.
[[0;32m  OK  [0m] Listening on Load/Save RF Kill Switch Status /dev/rfkill Watch.
[[0;32m  OK  [0m] Started Set console font and keymap.
[[0;32m  OK  [0m] Found device 82540EM Gigabit Ethern...r (PRO/1000 MT Desktop Adapter).
[[0;32m  OK  [0m] Created slice system-getty.slice.
[[0;32m  OK  [0m] Started LSB: AppArmor initialization.
[   62.474973] cloud-init[460]: Cloud-init v. 18.2 running 'init-local' at Thu, 12 Jul 2018 07:09:25 +0000. Up 61.89 seconds.
[[0;32m  OK  [0m] Started Initial cloud-init job (pre-networking).
[[0;32m  OK  [0m] Reached target Network (Pre).
[[0;32m  OK  [0m] Started ifup for enp0s3.
         Starting Raise network interfaces...
[[0;32m  OK  [0m] Started Raise network interfaces.
[[0;32m  OK  [0m] Reached target Network.
         Starting Initial cloud-init job (metadata service crawler)...
[   64.252216] cloud-init[970]: Cloud-init v. 18.2 running 'init' at Thu, 12 Jul 2018 07:09:26 +0000. Up 63.39 seconds.
[   64.369431] cloud-init[970]: ci-info: +++++++++++++++++++++++++++++++++++++Net device info++++++++++++++++++++++++++++++++++++++
[[0;32m  OK  [0m] Started Initial cloud-init job (metadata service crawler).
[   64.370604] cloud-init[970]: ci-info: +--------+------+----------------------------+---------------+-------+-------------------+
[   64.740790] cloud-init[970]: ci-info: | Device |  Up  |          Address           |      Mask     | Scope |     Hw-Address    |
[   64.741657] cloud-init[970]: ci-info: +--------+------+----------------------------+---------------+-------+-------------------+
[[0;32m  OK  [0m] Reached target Network is Online.
[   64.742025] cloud-init[970]: ci-info: | enp0s3 | True |         10.0.2.15          | 255.255.255.0 |   .   | 02:40:c1:fa:9b:f5 |
[   65.218132] cloud-init[970]: ci-info: | enp0s3 | True | fe80::40:c1ff:fefa:9bf5/64 |       .       |  link | 02:40:c1:fa:9b:f5 |
[   65.219322] cloud-init[970]: ci-info: |   lo   | True |         127.0.0.1          |   255.0.0.0   |   .   |         .         |
         Starting iSCSI initiator daemon (iscsid)...
[   65.219774] cloud-init[970]: ci-info: |   lo   | True |          ::1/128           |       .       |  host |         .         |
[   65.586490] cloud-init[970]: ci-info: +--------+------+----------------------------+---------------+-------+-------------------+
[[0;32m  OK  [0m] Reached target System Initialization.
[   65.586768] cloud-init[970]: ci-info: +++++++++++++++++++++++++++Route IPv4 info++++++++++++++++++++++++++++
[   65.972609] cloud-init[970]: ci-info: +-------+-------------+----------+---------------+-----------+-------+
[[0;32m  OK  [0m] Started Daily Cleanup of Temporary Directories.
[   65.972670] cloud-init[970]: ci-info: | Route | Destination | Gateway  |    Genmask    | Interface | Flags |
[   66.431257] cloud-init[970]: ci-info: +-------+-------------+----------+---------------+-----------+-------+
[[0;32m  OK  [0m] Started Daily apt download activities.
[   66.432916] cloud-init[970]: ci-info: |   0   |   0.0.0.0   | 10.0.2.2 |    0.0.0.0    |   enp0s3  |   UG  |
[   66.642449] cloud-init[970]: ci-info: |   1   |   10.0.2.0  | 0.0.0.0  | 255.255.255.0 |   enp0s3  |   U   |
[[0;32m  OK  [0m] Listening on D-Bus System Message Bus Socket.
[   66.642760] cloud-init[970]: ci-info: +-------+-------------+----------+---------------+-----------+-------+
         Starting LXD - unix socket.
[[0;32m  OK  [0m] Started ACPI Events Check.
[[0;32m  OK  [0m] Reached target Paths.
[[0;32m  OK  [0m] Listening on UUID daemon activation socket.
[[0;32m  OK  [0m] Started Daily apt upgrade and clean activities.
[[0;32m  OK  [0m] Reached target Timers.
         Starting Socket activation for snappy daemon.
[[0;32m  OK  [0m] Listening on ACPID Listen Socket.
[[0;32m  OK  [0m] Reached target Cloud-config availability.
[[0;32m  OK  [0m] Listening on LXD - unix socket.
[[0;32m  OK  [0m] Listening on Socket activation for snappy daemon.
[[0;32m  OK  [0m] Started iSCSI initiator daemon (iscsid).
         Starting Login to default iSCSI targets...
[[0;32m  OK  [0m] Reached target Sockets.
[[0;32m  OK  [0m] Reached target Basic System.
         Starting Accounts Service...
         Starting LSB: Record successful boot for GRUB...
[[0;32m  OK  [0m] Started D-Bus System Message Bus.
[[0;32m  OK  [0m] Started Unattended Upgrades Shutdown.
         Starting Login Service...
         Starting Virtualbox guest utils...
[[0;32m  OK  [0m] Started FUSE filesystem for LXC.
[[0;32m  OK  [0m] Started Regular background program processing daemon.
         Starting System Logging Service...
[[0;32m  OK  [0m] Started Deferred execution scheduler.
         Starting Apply the settings specified in cloud-config...
[[0;32m  OK  [0m] Started ACPI event daemon.
         Starting OpenBSD Secure Shell server...
         Starting /etc/rc.local Compatibility...
         Starting LXD - container startup/shutdown...
         Starting Snappy daemon...
[   69.230417] cloud-init[1058]: Cloud-init v. 18.2 running 'modules:config' at Thu, 12 Jul 2018 07:09:32 +0000. Up 69.01 seconds.
         Starting LSB: MD monitoring daemon...
[[0;32m  OK  [0m] Started System Logging Service.
[[0;32m  OK  [0m] Started OpenBSD Secure Shell server.
[[0;32m  OK  [0m] Started Apply the settings specified in cloud-config.
[[0;32m  OK  [0m] Started /etc/rc.local Compatibility.
         Starting Authenticate and Authorize Users to Run Privileged Tasks...
[[0;32m  OK  [0m] Started LSB: Record successful boot for GRUB.
[[0;32m  OK  [0m] Started Login Service.
[[0;32m  OK  [0m] Started Login to default iSCSI targets.
[[0;32m  OK  [0m] Started LSB: MD monitoring daemon.
[[0;32m  OK  [0m] Reached target Remote File Systems (Pre).
[[0;32m  OK  [0m] Reached target Remote File Systems.
         Starting Permit User Sessions...
         Starting LSB: automatic crash report generation...
         Starting LSB: Set the CPU Frequency Scaling governor to "ondemand"...
         Starting LSB: daemon to balance interrupts for SMP systems...
[[0;32m  OK  [0m] Started Virtualbox guest utils.
[[0;32m  OK  [0m] Started Permit User Sessions.
[[0;32m  OK  [0m] Started Authenticate and Authorize Users to Run Privileged Tasks.
[[0;32m  OK  [0m] Started Accounts Service.
[[0;32m  OK  [0m] Created slice User Slice of vagrant.
         Starting User Manager for UID 1000...
[[0;32m  OK  [0m] Started Session 1 of user vagrant.
         Starting Hold until boot process finishes up...
         Starting Terminate Plymouth Boot Screen...
[[0;32m  OK  [0m] Started LSB: automatic crash report generation.
[[0;32m  OK  [0m] Started LSB: Set the CPU Frequency Scaling governor to "ondemand".
[[0;32m  OK  [0m] Started LSB: daemon to balance interrupts for SMP systems.
[[0;32m  OK  [0m] Started Hold until boot process finishes up.
[[0;32m  OK  [0m] Started Terminate Plymouth Boot Screen.
[[0;32m  OK  [0m] Started User Manager for UID 1000.
[[0;32m  OK  [0m] Started Getty on tty1.
[[0;32m  OK  [0m] Started Serial Getty on ttyS0.
[[0;32m  OK  [0m] Reached target Login Prompts.
         Starting Set console scheme...
[[0;32m  OK  [0m] Started Snappy daemon.
[[0;32m  OK  [0m] Started LXD - container startup/shutdown.
[[0;32m  OK  [0m] Started Set console scheme.
         Starting Wait until snapd is fully seeded...
[[0;32m  OK  [0m] Started Wait until snapd is fully seeded.
[[0;32m  OK  [0m] Reached target Multi-User System.
         Starting Execute cloud user/final scripts...
[[0;32m  OK  [0m] Reached target Graphical Interface.
         Starting Update UTMP about System Runlevel Changes...
[[0;32m  OK  [0m] Started Update UTMP about System Runlevel Changes.
[   72.684190] cloud-init[1227]: Cloud-init v. 18.2 running 'modules:final' at Thu, 12 Jul 2018 07:09:35 +0000. Up 72.53 seconds.
[[0;32m  OK  [0m] Started Execute cloud user/final scripts.
[   72.818990] cloud-init[1227]: Cloud-init v. 18.2 finished at Thu, 12 Jul 2018 07:09:35 +0000. Datasource DataSourceNoCloud [seed=/dev/sdb][dsmode=net].  Up 72.67 seconds
[[0;32m  OK  [0m] Reached target Cloud-init target.

Ubuntu 16.04.4 LTS ubuntu-xenial ttyS0

ubuntu-xenial login: 